// Jest Snapshot v1, https://goo.gl/fbAQLP

exports[`Live Video Hero should render as expected 1`] = `
<Styled(div)>
  <Styled(div)
    backgroundImageUrl="https://i.eurosport.com/taiga/MagicBox/Crop/16_9/0_20190612-103247.jpeg?w=1030"
    hideBackground={false}
  />
  <div
    id="video-player-container"
  />
  <Styled(div)
    videoPlayerMode={false}
  >
    <Styled(PlayIcon)
      alt="play"
      className=""
      height={84}
      isLoading={false}
      isRounded={true}
      onClick={[Function]}
    />
    <Labels
      labels={
        Array [
          Object {
            "bold": true,
            "color": "white",
            "text": "French Open",
          },
          Object {
            "color": "blue",
            "text": "Men's singles | Final",
          },
        ]
      }
    />
    <Styled(h1)>
      Athletics: Marathon des Sables
    </Styled(h1)>
    <ProgramDetails
      callsign="E2NO"
      className=""
      textDetail="14:00 - 16:00"
    />
  </Styled(div)>
</Styled(div)>
`;
