// Jest Snapshot v1, https://goo.gl/fbAQLP

exports[`ScriptInjector client side matches default snapshot 1`] = `
<ScriptInjector
  async={false}
  injectPlace="head"
  innerHTML=""
  isServer={false}
  src=""
/>
`;

exports[`ScriptInjector server side matches default snapshot 1`] = `
<ScriptInjector
  async={false}
  injectPlace="head"
  innerHTML=""
  isServer={true}
  src=""
>
  <HelmetWrapper
    defer={true}
    encodeSpecialCharacters={true}
  >
    <SideEffect(NullComponent)
      defer={true}
      encodeSpecialCharacters={true}
      script={
        Array [
          Object {
            "async": false,
            "id": undefined,
            "src": "",
          },
        ]
      }
    >
      <NullComponent
        defer={true}
        encodeSpecialCharacters={true}
        script={
          Array [
            Object {
              "async": false,
              "id": undefined,
              "src": "",
            },
          ]
        }
      />
    </SideEffect(NullComponent)>
  </HelmetWrapper>
</ScriptInjector>
`;
