// Jest Snapshot v1, https://goo.gl/fbAQLP

exports[`<SetsSchedule /> Renders a SetsSchedule component 1`] = `
.emotion-4 {
  padding: 0 6px 0 16px;
  -webkit-flex: none;
  -ms-flex: none;
  flex: none;
  text-align: right;
  color: #ffffff;
  font-size: 12px;
}

@media (min-width:1024px) {
  .emotion-4 {
    font-size: 14px;
  }
}

.emotion-0 {
  opacity: 0.7;
}

.emotion-2 {
  opacity: 0.8;
  font-weight: bold;
}

<SetsSchedule
  data={
    Object {
      "bottomTeam": Object {
        "playerOneName": "A. MENENDEZ-MACEIRAS",
      },
      "topTeam": Object {
        "playerOneName": "A. MENENDEZ-MACEIRAS",
      },
    }
  }
  schedule={
    Object {
      "date": "le 28 Octobre",
      "time": "à 18h00",
    }
  }
>
  <Styled(p)>
    <p
      className="emotion-4 emotion-5"
    >
      <Styled(span)>
        <span
          className="emotion-0 emotion-1"
        >
          le 28 Octobre
        </span>
      </Styled(span)>
      <br />
      <Styled(b)>
        <b
          className="emotion-2 emotion-3"
        >
          à 18h00
        </b>
      </Styled(b)>
    </p>
  </Styled(p)>
</SetsSchedule>
`;
