// Jest Snapshot v1, https://goo.gl/fbAQLP

exports[`Components|JWPlayerETP|Controls|BottomBar Should match snapshot 1`] = `
<Styled(div)>
  <Styled(div) />
  <Styled(div)>
    <Styled(div)>
      <Slider
        defaultValue={0}
        handleColor="red"
        handleSize={20}
        max={100}
        min={0}
        onChange={[MockFunction]}
        railColor="green"
        railThickness={5}
        trackColor="blue"
        value={50}
        vertical={false}
      />
    </Styled(div)>
    <Styled(div)>
      <Styled(div) />
      <Styled(div)>
        <LiveStatus
          isLive={true}
        />
      </Styled(div)>
      <Styled(div) />
      <Styled(div)
        medium={true}
      >
        <Styled(img)
          alt="Volume"
          src="/eurosport-web-toolkit/ef955024912ed19372a38f4bbdec99e4.svg"
        />
      </Styled(div)>
      <Component />
    </Styled(div)>
  </Styled(div)>
</Styled(div)>
`;
