// Jest Snapshot v1, https://goo.gl/fbAQLP

exports[`AllMatches renders as expected 1`] = `
<Fragment>
  <MatchGrid
    eventName="Men's singles"
    liveButtonText="Live"
    matchInfoButtonText="Match Info"
    matches={
      Array [
        Object {
          "data": Object {
            "bottomTeam": Object {
              "isServing": false,
              "playerOneName": "DAVIDOVICH FOKINA",
              "sets": Array [
                Object {
                  "score": 3,
                  "set": 1,
                  "tie": null,
                  "won": false,
                },
                Object {
                  "score": 3,
                  "set": 2,
                  "tie": null,
                  "won": false,
                },
                Object {
                  "score": 7,
                  "set": 3,
                  "tie": null,
                  "won": true,
                },
                Object {
                  "score": 3,
                  "set": 4,
                  "tie": null,
                  "won": false,
                },
                Object {
                  "score": 6,
                  "set": 5,
                  "tie": null,
                  "won": true,
                },
              ],
            },
            "topTeam": Object {
              "isServing": true,
              "playerOneName": "MENENDEZ-MACEIRAS",
              "sets": Array [
                Object {
                  "score": 6,
                  "set": 1,
                  "tie": null,
                  "won": true,
                },
                Object {
                  "score": 6,
                  "set": 2,
                  "tie": null,
                  "won": true,
                },
                Object {
                  "score": 6,
                  "set": 3,
                  "tie": null,
                  "won": false,
                },
                Object {
                  "score": 6,
                  "set": 4,
                  "tie": null,
                  "won": true,
                },
                Object {
                  "score": 3,
                  "set": 5,
                  "tie": null,
                  "won": false,
                },
              ],
            },
          },
          "id": 0,
          "isLive": true,
          "isWatchable": true,
          "matchUrl": "https://eurosport.com",
        },
        Object {
          "data": Object {
            "bottomTeam": Object {
              "isServing": false,
              "playerOneName": "DAVIDOVICH FOKINA",
              "sets": Array [
                Object {
                  "score": 3,
                  "set": 1,
                  "tie": null,
                  "won": false,
                },
                Object {
                  "score": 3,
                  "set": 2,
                  "tie": null,
                  "won": false,
                },
                Object {
                  "score": 7,
                  "set": 3,
                  "tie": null,
                  "won": true,
                },
                Object {
                  "score": 3,
                  "set": 4,
                  "tie": null,
                  "won": false,
                },
                Object {
                  "score": 6,
                  "set": 5,
                  "tie": null,
                  "won": true,
                },
              ],
            },
            "topTeam": Object {
              "isServing": true,
              "playerOneName": "MENENDEZ-MACEIRAS",
              "sets": Array [
                Object {
                  "score": 6,
                  "set": 1,
                  "tie": null,
                  "won": true,
                },
                Object {
                  "score": 6,
                  "set": 2,
                  "tie": null,
                  "won": true,
                },
                Object {
                  "score": 6,
                  "set": 3,
                  "tie": null,
                  "won": false,
                },
                Object {
                  "score": 6,
                  "set": 4,
                  "tie": null,
                  "won": true,
                },
                Object {
                  "score": 3,
                  "set": 5,
                  "tie": null,
                  "won": false,
                },
              ],
            },
          },
          "id": 1,
          "isLive": true,
          "isWatchable": true,
          "matchUrl": "https://eurosport.com",
        },
        Object {
          "data": Object {
            "bottomTeam": Object {
              "isServing": false,
              "playerOneName": "DAVIDOVICH FOKINA",
              "sets": Array [
                Object {
                  "score": 3,
                  "set": 1,
                  "tie": null,
                  "won": false,
                },
                Object {
                  "score": 3,
                  "set": 2,
                  "tie": null,
                  "won": false,
                },
                Object {
                  "score": 7,
                  "set": 3,
                  "tie": null,
                  "won": true,
                },
                Object {
                  "score": 3,
                  "set": 4,
                  "tie": null,
                  "won": false,
                },
                Object {
                  "score": 6,
                  "set": 5,
                  "tie": null,
                  "won": true,
                },
              ],
            },
            "topTeam": Object {
              "isServing": true,
              "playerOneName": "MENENDEZ-MACEIRAS",
              "sets": Array [
                Object {
                  "score": 6,
                  "set": 1,
                  "tie": null,
                  "won": true,
                },
                Object {
                  "score": 6,
                  "set": 2,
                  "tie": null,
                  "won": true,
                },
                Object {
                  "score": 6,
                  "set": 3,
                  "tie": null,
                  "won": false,
                },
                Object {
                  "score": 6,
                  "set": 4,
                  "tie": null,
                  "won": true,
                },
                Object {
                  "score": 3,
                  "set": 5,
                  "tie": null,
                  "won": false,
                },
              ],
            },
          },
          "id": 2,
          "isLive": true,
          "isWatchable": true,
          "matchUrl": "https://eurosport.com",
        },
        Object {
          "data": Object {
            "bottomTeam": Object {
              "isServing": false,
              "playerOneName": "DAVIDOVICH FOKINA",
              "sets": Array [
                Object {
                  "score": 3,
                  "set": 1,
                  "tie": null,
                  "won": false,
                },
                Object {
                  "score": 3,
                  "set": 2,
                  "tie": null,
                  "won": false,
                },
                Object {
                  "score": 7,
                  "set": 3,
                  "tie": null,
                  "won": true,
                },
                Object {
                  "score": 3,
                  "set": 4,
                  "tie": null,
                  "won": false,
                },
                Object {
                  "score": 6,
                  "set": 5,
                  "tie": null,
                  "won": true,
                },
              ],
            },
            "topTeam": Object {
              "isServing": true,
              "playerOneName": "MENENDEZ-MACEIRAS",
              "sets": Array [
                Object {
                  "score": 6,
                  "set": 1,
                  "tie": null,
                  "won": true,
                },
                Object {
                  "score": 6,
                  "set": 2,
                  "tie": null,
                  "won": true,
                },
                Object {
                  "score": 6,
                  "set": 3,
                  "tie": null,
                  "won": false,
                },
                Object {
                  "score": 6,
                  "set": 4,
                  "tie": null,
                  "won": true,
                },
                Object {
                  "score": 3,
                  "set": 5,
                  "tie": null,
                  "won": false,
                },
              ],
            },
          },
          "id": 3,
          "isLive": true,
          "isWatchable": true,
          "matchUrl": "https://eurosport.com",
        },
        Object {
          "data": Object {
            "bottomTeam": Object {
              "isServing": false,
              "playerOneName": "DAVIDOVICH FOKINA",
              "sets": Array [
                Object {
                  "score": 3,
                  "set": 1,
                  "tie": null,
                  "won": false,
                },
                Object {
                  "score": 3,
                  "set": 2,
                  "tie": null,
                  "won": false,
                },
                Object {
                  "score": 7,
                  "set": 3,
                  "tie": null,
                  "won": true,
                },
                Object {
                  "score": 3,
                  "set": 4,
                  "tie": null,
                  "won": false,
                },
                Object {
                  "score": 6,
                  "set": 5,
                  "tie": null,
                  "won": true,
                },
              ],
            },
            "topTeam": Object {
              "isServing": true,
              "playerOneName": "MENENDEZ-MACEIRAS",
              "sets": Array [
                Object {
                  "score": 6,
                  "set": 1,
                  "tie": null,
                  "won": true,
                },
                Object {
                  "score": 6,
                  "set": 2,
                  "tie": null,
                  "won": true,
                },
                Object {
                  "score": 6,
                  "set": 3,
                  "tie": null,
                  "won": false,
                },
                Object {
                  "score": 6,
                  "set": 4,
                  "tie": null,
                  "won": true,
                },
                Object {
                  "score": 3,
                  "set": 5,
                  "tie": null,
                  "won": false,
                },
              ],
            },
          },
          "id": 4,
          "isLive": true,
          "isWatchable": true,
          "matchUrl": "https://eurosport.com",
        },
        Object {
          "data": Object {
            "bottomTeam": Object {
              "isServing": false,
              "playerOneName": "DAVIDOVICH FOKINA",
              "sets": Array [
                Object {
                  "score": 3,
                  "set": 1,
                  "tie": null,
                  "won": false,
                },
                Object {
                  "score": 3,
                  "set": 2,
                  "tie": null,
                  "won": false,
                },
                Object {
                  "score": 7,
                  "set": 3,
                  "tie": null,
                  "won": true,
                },
                Object {
                  "score": 3,
                  "set": 4,
                  "tie": null,
                  "won": false,
                },
                Object {
                  "score": 6,
                  "set": 5,
                  "tie": null,
                  "won": true,
                },
              ],
            },
            "topTeam": Object {
              "isServing": true,
              "playerOneName": "MENENDEZ-MACEIRAS",
              "sets": Array [
                Object {
                  "score": 6,
                  "set": 1,
                  "tie": null,
                  "won": true,
                },
                Object {
                  "score": 6,
                  "set": 2,
                  "tie": null,
                  "won": true,
                },
                Object {
                  "score": 6,
                  "set": 3,
                  "tie": null,
                  "won": false,
                },
                Object {
                  "score": 6,
                  "set": 4,
                  "tie": null,
                  "won": true,
                },
                Object {
                  "score": 3,
                  "set": 5,
                  "tie": null,
                  "won": false,
                },
              ],
            },
          },
          "id": 5,
          "isLive": true,
          "isWatchable": true,
          "matchUrl": "https://eurosport.com",
        },
        Object {
          "data": Object {
            "bottomTeam": Object {
              "isServing": false,
              "playerOneName": "DAVIDOVICH FOKINA",
              "sets": Array [
                Object {
                  "score": 3,
                  "set": 1,
                  "tie": null,
                  "won": false,
                },
                Object {
                  "score": 3,
                  "set": 2,
                  "tie": null,
                  "won": false,
                },
                Object {
                  "score": 7,
                  "set": 3,
                  "tie": null,
                  "won": true,
                },
                Object {
                  "score": 3,
                  "set": 4,
                  "tie": null,
                  "won": false,
                },
                Object {
                  "score": 6,
                  "set": 5,
                  "tie": null,
                  "won": true,
                },
              ],
            },
            "topTeam": Object {
              "isServing": true,
              "playerOneName": "MENENDEZ-MACEIRAS",
              "sets": Array [
                Object {
                  "score": 6,
                  "set": 1,
                  "tie": null,
                  "won": true,
                },
                Object {
                  "score": 6,
                  "set": 2,
                  "tie": null,
                  "won": true,
                },
                Object {
                  "score": 6,
                  "set": 3,
                  "tie": null,
                  "won": false,
                },
                Object {
                  "score": 6,
                  "set": 4,
                  "tie": null,
                  "won": true,
                },
                Object {
                  "score": 3,
                  "set": 5,
                  "tie": null,
                  "won": false,
                },
              ],
            },
          },
          "id": 6,
          "isLive": true,
          "isWatchable": true,
          "matchUrl": "https://eurosport.com",
        },
        Object {
          "data": Object {
            "bottomTeam": Object {
              "isServing": false,
              "playerOneName": "DAVIDOVICH FOKINA",
              "sets": Array [
                Object {
                  "score": 3,
                  "set": 1,
                  "tie": null,
                  "won": false,
                },
                Object {
                  "score": 3,
                  "set": 2,
                  "tie": null,
                  "won": false,
                },
                Object {
                  "score": 7,
                  "set": 3,
                  "tie": null,
                  "won": true,
                },
                Object {
                  "score": 3,
                  "set": 4,
                  "tie": null,
                  "won": false,
                },
                Object {
                  "score": 6,
                  "set": 5,
                  "tie": null,
                  "won": true,
                },
              ],
            },
            "topTeam": Object {
              "isServing": true,
              "playerOneName": "MENENDEZ-MACEIRAS",
              "sets": Array [
                Object {
                  "score": 6,
                  "set": 1,
                  "tie": null,
                  "won": true,
                },
                Object {
                  "score": 6,
                  "set": 2,
                  "tie": null,
                  "won": true,
                },
                Object {
                  "score": 6,
                  "set": 3,
                  "tie": null,
                  "won": false,
                },
                Object {
                  "score": 6,
                  "set": 4,
                  "tie": null,
                  "won": true,
                },
                Object {
                  "score": 3,
                  "set": 5,
                  "tie": null,
                  "won": false,
                },
              ],
            },
          },
          "id": 7,
          "isLive": true,
          "isWatchable": true,
          "matchUrl": "https://eurosport.com",
        },
      ]
    }
    showLessText="View less matches"
    showMoreText="View more matches"
    title="Live now"
  />
  <MatchGrid
    eventName="Men's singles"
    liveButtonText="Live"
    matchInfoButtonText="Match Info"
    matches={
      Array [
        Object {
          "data": Object {
            "bottomTeam": Object {
              "isServing": false,
              "playerOneName": "DAVIDOVICH FOKINA",
              "sets": Array [],
            },
            "topTeam": Object {
              "isServing": false,
              "playerOneName": "MENENDEZ-MACEIRAS",
              "sets": Array [],
            },
          },
          "id": 0,
          "isLive": false,
          "isWatchable": false,
          "matchUrl": "https://eurosport.com",
        },
        Object {
          "data": Object {
            "bottomTeam": Object {
              "isServing": false,
              "playerOneName": "DAVIDOVICH FOKINA",
              "sets": Array [],
            },
            "topTeam": Object {
              "isServing": false,
              "playerOneName": "MENENDEZ-MACEIRAS",
              "sets": Array [],
            },
          },
          "id": 1,
          "isLive": false,
          "isWatchable": false,
          "matchUrl": "https://eurosport.com",
        },
        Object {
          "data": Object {
            "bottomTeam": Object {
              "isServing": false,
              "playerOneName": "DAVIDOVICH FOKINA",
              "sets": Array [],
            },
            "topTeam": Object {
              "isServing": false,
              "playerOneName": "MENENDEZ-MACEIRAS",
              "sets": Array [],
            },
          },
          "id": 2,
          "isLive": false,
          "isWatchable": false,
          "matchUrl": "https://eurosport.com",
        },
        Object {
          "data": Object {
            "bottomTeam": Object {
              "isServing": false,
              "playerOneName": "DAVIDOVICH FOKINA",
              "sets": Array [],
            },
            "topTeam": Object {
              "isServing": false,
              "playerOneName": "MENENDEZ-MACEIRAS",
              "sets": Array [],
            },
          },
          "id": 3,
          "isLive": false,
          "isWatchable": false,
          "matchUrl": "https://eurosport.com",
        },
        Object {
          "data": Object {
            "bottomTeam": Object {
              "isServing": false,
              "playerOneName": "DAVIDOVICH FOKINA",
              "sets": Array [],
            },
            "topTeam": Object {
              "isServing": false,
              "playerOneName": "MENENDEZ-MACEIRAS",
              "sets": Array [],
            },
          },
          "id": 4,
          "isLive": false,
          "isWatchable": false,
          "matchUrl": "https://eurosport.com",
        },
      ]
    }
    showLessText="View less matches"
    showMoreText="View more matches"
    title="Upcoming"
  />
  <MatchGrid
    eventName="Men's singles"
    liveButtonText="Live"
    matchInfoButtonText="Match Info"
    matches={
      Array [
        Object {
          "data": Object {
            "bottomTeam": Object {
              "hasWon": false,
              "isServing": false,
              "playerOneName": "DAVIDOVICH FOKINA",
              "sets": Array [
                Object {
                  "score": 3,
                  "set": 1,
                  "tie": null,
                  "won": false,
                },
                Object {
                  "score": 3,
                  "set": 2,
                  "tie": null,
                  "won": false,
                },
                Object {
                  "score": 7,
                  "set": 3,
                  "tie": 7,
                  "won": true,
                },
                Object {
                  "score": 3,
                  "set": 4,
                  "tie": null,
                  "won": false,
                },
                Object {
                  "score": 6,
                  "set": 5,
                  "tie": null,
                  "won": true,
                },
              ],
            },
            "topTeam": Object {
              "hasWon": true,
              "isServing": false,
              "playerOneName": "RAHMAN MAKSSOUD",
              "sets": Array [
                Object {
                  "score": 6,
                  "set": 1,
                  "tie": null,
                  "won": true,
                },
                Object {
                  "score": 6,
                  "set": 2,
                  "tie": null,
                  "won": true,
                },
                Object {
                  "score": 6,
                  "set": 3,
                  "tie": 2,
                  "won": false,
                },
                Object {
                  "score": 6,
                  "set": 4,
                  "tie": null,
                  "won": true,
                },
                Object {
                  "score": 3,
                  "set": 5,
                  "tie": null,
                  "won": false,
                },
              ],
            },
          },
          "id": 0,
          "isLive": false,
          "isWatchable": false,
          "matchUrl": "https://eurosport.com",
        },
        Object {
          "data": Object {
            "bottomTeam": Object {
              "hasWon": false,
              "isServing": false,
              "playerOneName": "DAVIDOVICH FOKINA",
              "sets": Array [
                Object {
                  "score": 3,
                  "set": 1,
                  "tie": null,
                  "won": false,
                },
                Object {
                  "score": 3,
                  "set": 2,
                  "tie": null,
                  "won": false,
                },
                Object {
                  "score": 7,
                  "set": 3,
                  "tie": 7,
                  "won": true,
                },
                Object {
                  "score": 3,
                  "set": 4,
                  "tie": null,
                  "won": false,
                },
                Object {
                  "score": 6,
                  "set": 5,
                  "tie": null,
                  "won": true,
                },
              ],
            },
            "topTeam": Object {
              "hasWon": true,
              "isServing": false,
              "playerOneName": "RAHMAN MAKSSOUD",
              "sets": Array [
                Object {
                  "score": 6,
                  "set": 1,
                  "tie": null,
                  "won": true,
                },
                Object {
                  "score": 6,
                  "set": 2,
                  "tie": null,
                  "won": true,
                },
                Object {
                  "score": 6,
                  "set": 3,
                  "tie": 2,
                  "won": false,
                },
                Object {
                  "score": 6,
                  "set": 4,
                  "tie": null,
                  "won": true,
                },
                Object {
                  "score": 3,
                  "set": 5,
                  "tie": null,
                  "won": false,
                },
              ],
            },
          },
          "id": 1,
          "isLive": false,
          "isWatchable": false,
          "matchUrl": "https://eurosport.com",
        },
        Object {
          "data": Object {
            "bottomTeam": Object {
              "hasWon": false,
              "isServing": false,
              "playerOneName": "DAVIDOVICH FOKINA",
              "sets": Array [
                Object {
                  "score": 3,
                  "set": 1,
                  "tie": null,
                  "won": false,
                },
                Object {
                  "score": 3,
                  "set": 2,
                  "tie": null,
                  "won": false,
                },
                Object {
                  "score": 7,
                  "set": 3,
                  "tie": 7,
                  "won": true,
                },
                Object {
                  "score": 3,
                  "set": 4,
                  "tie": null,
                  "won": false,
                },
                Object {
                  "score": 6,
                  "set": 5,
                  "tie": null,
                  "won": true,
                },
              ],
            },
            "topTeam": Object {
              "hasWon": true,
              "isServing": false,
              "playerOneName": "RAHMAN MAKSSOUD",
              "sets": Array [
                Object {
                  "score": 6,
                  "set": 1,
                  "tie": null,
                  "won": true,
                },
                Object {
                  "score": 6,
                  "set": 2,
                  "tie": null,
                  "won": true,
                },
                Object {
                  "score": 6,
                  "set": 3,
                  "tie": 2,
                  "won": false,
                },
                Object {
                  "score": 6,
                  "set": 4,
                  "tie": null,
                  "won": true,
                },
                Object {
                  "score": 3,
                  "set": 5,
                  "tie": null,
                  "won": false,
                },
              ],
            },
          },
          "id": 2,
          "isLive": false,
          "isWatchable": false,
          "matchUrl": "https://eurosport.com",
        },
        Object {
          "data": Object {
            "bottomTeam": Object {
              "hasWon": false,
              "isServing": false,
              "playerOneName": "DAVIDOVICH FOKINA",
              "sets": Array [
                Object {
                  "score": 3,
                  "set": 1,
                  "tie": null,
                  "won": false,
                },
                Object {
                  "score": 3,
                  "set": 2,
                  "tie": null,
                  "won": false,
                },
                Object {
                  "score": 7,
                  "set": 3,
                  "tie": 7,
                  "won": true,
                },
                Object {
                  "score": 3,
                  "set": 4,
                  "tie": null,
                  "won": false,
                },
                Object {
                  "score": 6,
                  "set": 5,
                  "tie": null,
                  "won": true,
                },
              ],
            },
            "topTeam": Object {
              "hasWon": true,
              "isServing": false,
              "playerOneName": "RAHMAN MAKSSOUD",
              "sets": Array [
                Object {
                  "score": 6,
                  "set": 1,
                  "tie": null,
                  "won": true,
                },
                Object {
                  "score": 6,
                  "set": 2,
                  "tie": null,
                  "won": true,
                },
                Object {
                  "score": 6,
                  "set": 3,
                  "tie": 2,
                  "won": false,
                },
                Object {
                  "score": 6,
                  "set": 4,
                  "tie": null,
                  "won": true,
                },
                Object {
                  "score": 3,
                  "set": 5,
                  "tie": null,
                  "won": false,
                },
              ],
            },
          },
          "id": 3,
          "isLive": false,
          "isWatchable": false,
          "matchUrl": "https://eurosport.com",
        },
        Object {
          "data": Object {
            "bottomTeam": Object {
              "hasWon": false,
              "isServing": false,
              "playerOneName": "DAVIDOVICH FOKINA",
              "sets": Array [
                Object {
                  "score": 3,
                  "set": 1,
                  "tie": null,
                  "won": false,
                },
                Object {
                  "score": 3,
                  "set": 2,
                  "tie": null,
                  "won": false,
                },
                Object {
                  "score": 7,
                  "set": 3,
                  "tie": 7,
                  "won": true,
                },
                Object {
                  "score": 3,
                  "set": 4,
                  "tie": null,
                  "won": false,
                },
                Object {
                  "score": 6,
                  "set": 5,
                  "tie": null,
                  "won": true,
                },
              ],
            },
            "topTeam": Object {
              "hasWon": true,
              "isServing": false,
              "playerOneName": "RAHMAN MAKSSOUD",
              "sets": Array [
                Object {
                  "score": 6,
                  "set": 1,
                  "tie": null,
                  "won": true,
                },
                Object {
                  "score": 6,
                  "set": 2,
                  "tie": null,
                  "won": true,
                },
                Object {
                  "score": 6,
                  "set": 3,
                  "tie": 2,
                  "won": false,
                },
                Object {
                  "score": 6,
                  "set": 4,
                  "tie": null,
                  "won": true,
                },
                Object {
                  "score": 3,
                  "set": 5,
                  "tie": null,
                  "won": false,
                },
              ],
            },
          },
          "id": 4,
          "isLive": false,
          "isWatchable": false,
          "matchUrl": "https://eurosport.com",
        },
        Object {
          "data": Object {
            "bottomTeam": Object {
              "hasWon": false,
              "isServing": false,
              "playerOneName": "DAVIDOVICH FOKINA",
              "sets": Array [
                Object {
                  "score": 3,
                  "set": 1,
                  "tie": null,
                  "won": false,
                },
                Object {
                  "score": 3,
                  "set": 2,
                  "tie": null,
                  "won": false,
                },
                Object {
                  "score": 7,
                  "set": 3,
                  "tie": 7,
                  "won": true,
                },
                Object {
                  "score": 3,
                  "set": 4,
                  "tie": null,
                  "won": false,
                },
                Object {
                  "score": 6,
                  "set": 5,
                  "tie": null,
                  "won": true,
                },
              ],
            },
            "topTeam": Object {
              "hasWon": true,
              "isServing": false,
              "playerOneName": "RAHMAN MAKSSOUD",
              "sets": Array [
                Object {
                  "score": 6,
                  "set": 1,
                  "tie": null,
                  "won": true,
                },
                Object {
                  "score": 6,
                  "set": 2,
                  "tie": null,
                  "won": true,
                },
                Object {
                  "score": 6,
                  "set": 3,
                  "tie": 2,
                  "won": false,
                },
                Object {
                  "score": 6,
                  "set": 4,
                  "tie": null,
                  "won": true,
                },
                Object {
                  "score": 3,
                  "set": 5,
                  "tie": null,
                  "won": false,
                },
              ],
            },
          },
          "id": 5,
          "isLive": false,
          "isWatchable": false,
          "matchUrl": "https://eurosport.com",
        },
        Object {
          "data": Object {
            "bottomTeam": Object {
              "hasWon": false,
              "isServing": false,
              "playerOneName": "DAVIDOVICH FOKINA",
              "sets": Array [
                Object {
                  "score": 3,
                  "set": 1,
                  "tie": null,
                  "won": false,
                },
                Object {
                  "score": 3,
                  "set": 2,
                  "tie": null,
                  "won": false,
                },
                Object {
                  "score": 7,
                  "set": 3,
                  "tie": 7,
                  "won": true,
                },
                Object {
                  "score": 3,
                  "set": 4,
                  "tie": null,
                  "won": false,
                },
                Object {
                  "score": 6,
                  "set": 5,
                  "tie": null,
                  "won": true,
                },
              ],
            },
            "topTeam": Object {
              "hasWon": true,
              "isServing": false,
              "playerOneName": "RAHMAN MAKSSOUD",
              "sets": Array [
                Object {
                  "score": 6,
                  "set": 1,
                  "tie": null,
                  "won": true,
                },
                Object {
                  "score": 6,
                  "set": 2,
                  "tie": null,
                  "won": true,
                },
                Object {
                  "score": 6,
                  "set": 3,
                  "tie": 2,
                  "won": false,
                },
                Object {
                  "score": 6,
                  "set": 4,
                  "tie": null,
                  "won": true,
                },
                Object {
                  "score": 3,
                  "set": 5,
                  "tie": null,
                  "won": false,
                },
              ],
            },
          },
          "id": 6,
          "isLive": false,
          "isWatchable": false,
          "matchUrl": "https://eurosport.com",
        },
        Object {
          "data": Object {
            "bottomTeam": Object {
              "hasWon": false,
              "isServing": false,
              "playerOneName": "DAVIDOVICH FOKINA",
              "sets": Array [
                Object {
                  "score": 3,
                  "set": 1,
                  "tie": null,
                  "won": false,
                },
                Object {
                  "score": 3,
                  "set": 2,
                  "tie": null,
                  "won": false,
                },
                Object {
                  "score": 7,
                  "set": 3,
                  "tie": 7,
                  "won": true,
                },
                Object {
                  "score": 3,
                  "set": 4,
                  "tie": null,
                  "won": false,
                },
                Object {
                  "score": 6,
                  "set": 5,
                  "tie": null,
                  "won": true,
                },
              ],
            },
            "topTeam": Object {
              "hasWon": true,
              "isServing": false,
              "playerOneName": "RAHMAN MAKSSOUD",
              "sets": Array [
                Object {
                  "score": 6,
                  "set": 1,
                  "tie": null,
                  "won": true,
                },
                Object {
                  "score": 6,
                  "set": 2,
                  "tie": null,
                  "won": true,
                },
                Object {
                  "score": 6,
                  "set": 3,
                  "tie": 2,
                  "won": false,
                },
                Object {
                  "score": 6,
                  "set": 4,
                  "tie": null,
                  "won": true,
                },
                Object {
                  "score": 3,
                  "set": 5,
                  "tie": null,
                  "won": false,
                },
              ],
            },
          },
          "id": 7,
          "isLive": false,
          "isWatchable": false,
          "matchUrl": "https://eurosport.com",
        },
      ]
    }
    showLessText="View less matches"
    showMoreText="View more matches"
    title="Finished"
  />
</Fragment>
`;

exports[`Breadcrumbs renders as expected 1`] = `
.emotion-8 {
  font-size: 18px;
  line-height: 21px;
  font-weight: bold;
}

@media (min-width:700px) {
  .emotion-8 {
    position: relative;
    font-size: 20px;
    line-height: 1.2;
    top: 1px;
  }
}

.emotion-0 {
  font-family: 'ESP AlphaHeadline Tab',-apple-system,-system-ui,system-ui,BlinkMacSystemFont,'Segoe UI',Helvetica,Arial,sans-serif;
  -webkit-font-smoothing: antialiased;
  -moz-osx-font-smoothing: grayscale;
  font-smooth: antialiased;
  font-size: 24px;
  line-height: 32px;
  color: #D0D1DA;
  display: inline-block;
  vertical-align: middle;
  font-size: 22px;
}

@media (min-width:1024px) {
  .emotion-0 {
    font-size: 28px;
    line-height: 36px;
  }
}

@media (min-width:700px) {
  .emotion-0 {
    font-size: 26px;
  }
}

.emotion-0:last-child {
  color: #FFFFFF;
}

.emotion-2 {
  width: 10px;
  height: 12px;
  margin: 0 15px;
  display: inline-block;
  vertical-align: middle;
}

.emotion-2 path {
  fill: #FFFFFF;
}

<Styled(Component)
  className="Breadcrumbs"
  items={
    Array [
      Object {
        "name": "item 1",
      },
      Object {
        "name": "item 2",
      },
    ]
  }
>
  <Component
    className="Breadcrumbs emotion-8 emotion-9"
    items={
      Array [
        Object {
          "name": "item 1",
        },
        Object {
          "name": "item 2",
        },
      ]
    }
  >
    <div
      className="Breadcrumbs emotion-8 emotion-9"
    >
      <Styled(h3)>
        <h3
          className="emotion-0 emotion-1"
        >
          item 1
        </h3>
      </Styled(h3)>
      <Styled(Chevron)
        height="9"
        viewBox="0 0 6 9"
        width="6"
        xmlns="http://www.w3.org/2000/svg"
      >
        <Chevron
          className="emotion-2 emotion-3"
          height="9"
          viewBox="0 0 6 9"
          width="6"
          xmlns="http://www.w3.org/2000/svg"
        >
          <svg
            className="emotion-2 emotion-3"
            height="9"
            viewBox="0 0 6 9"
            width="6"
            xmlns="http://www.w3.org/2000/svg"
          >
            <path
              d="M1.15 0L0 1.06 3.71 4.5 0 7.94 1.15 9 6 4.5z"
            />
          </svg>
        </Chevron>
      </Styled(Chevron)>
      <Styled(h3)
        key="item 2"
      >
        <h3
          className="emotion-0 emotion-1"
        >
          item 2
        </h3>
      </Styled(h3)>
    </div>
  </Component>
</Styled(Component)>
`;

exports[`MatchGrid renders as expected 1`] = `
<Styled(div)
  matches={
    Array [
      Object {
        "data": Object {
          "bottomTeam": Object {
            "isServing": false,
            "playerOneName": "DAVIDOVICH FOKINA",
            "sets": Array [
              Object {
                "score": 3,
                "set": 1,
                "tie": null,
                "won": false,
              },
              Object {
                "score": 3,
                "set": 2,
                "tie": null,
                "won": false,
              },
              Object {
                "score": 7,
                "set": 3,
                "tie": null,
                "won": true,
              },
              Object {
                "score": 3,
                "set": 4,
                "tie": null,
                "won": false,
              },
              Object {
                "score": 6,
                "set": 5,
                "tie": null,
                "won": true,
              },
            ],
          },
          "topTeam": Object {
            "isServing": true,
            "playerOneName": "MENENDEZ-MACEIRAS",
            "sets": Array [
              Object {
                "score": 6,
                "set": 1,
                "tie": null,
                "won": true,
              },
              Object {
                "score": 6,
                "set": 2,
                "tie": null,
                "won": true,
              },
              Object {
                "score": 6,
                "set": 3,
                "tie": null,
                "won": false,
              },
              Object {
                "score": 6,
                "set": 4,
                "tie": null,
                "won": true,
              },
              Object {
                "score": 3,
                "set": 5,
                "tie": null,
                "won": false,
              },
            ],
          },
        },
        "id": 0,
        "isLive": true,
        "isWatchable": true,
        "matchUrl": "https://eurosport.com",
      },
      Object {
        "data": Object {
          "bottomTeam": Object {
            "isServing": false,
            "playerOneName": "DAVIDOVICH FOKINA",
            "sets": Array [
              Object {
                "score": 3,
                "set": 1,
                "tie": null,
                "won": false,
              },
              Object {
                "score": 3,
                "set": 2,
                "tie": null,
                "won": false,
              },
              Object {
                "score": 7,
                "set": 3,
                "tie": null,
                "won": true,
              },
              Object {
                "score": 3,
                "set": 4,
                "tie": null,
                "won": false,
              },
              Object {
                "score": 6,
                "set": 5,
                "tie": null,
                "won": true,
              },
            ],
          },
          "topTeam": Object {
            "isServing": true,
            "playerOneName": "MENENDEZ-MACEIRAS",
            "sets": Array [
              Object {
                "score": 6,
                "set": 1,
                "tie": null,
                "won": true,
              },
              Object {
                "score": 6,
                "set": 2,
                "tie": null,
                "won": true,
              },
              Object {
                "score": 6,
                "set": 3,
                "tie": null,
                "won": false,
              },
              Object {
                "score": 6,
                "set": 4,
                "tie": null,
                "won": true,
              },
              Object {
                "score": 3,
                "set": 5,
                "tie": null,
                "won": false,
              },
            ],
          },
        },
        "id": 1,
        "isLive": true,
        "isWatchable": true,
        "matchUrl": "https://eurosport.com",
      },
      Object {
        "data": Object {
          "bottomTeam": Object {
            "isServing": false,
            "playerOneName": "DAVIDOVICH FOKINA",
            "sets": Array [
              Object {
                "score": 3,
                "set": 1,
                "tie": null,
                "won": false,
              },
              Object {
                "score": 3,
                "set": 2,
                "tie": null,
                "won": false,
              },
              Object {
                "score": 7,
                "set": 3,
                "tie": null,
                "won": true,
              },
              Object {
                "score": 3,
                "set": 4,
                "tie": null,
                "won": false,
              },
              Object {
                "score": 6,
                "set": 5,
                "tie": null,
                "won": true,
              },
            ],
          },
          "topTeam": Object {
            "isServing": true,
            "playerOneName": "MENENDEZ-MACEIRAS",
            "sets": Array [
              Object {
                "score": 6,
                "set": 1,
                "tie": null,
                "won": true,
              },
              Object {
                "score": 6,
                "set": 2,
                "tie": null,
                "won": true,
              },
              Object {
                "score": 6,
                "set": 3,
                "tie": null,
                "won": false,
              },
              Object {
                "score": 6,
                "set": 4,
                "tie": null,
                "won": true,
              },
              Object {
                "score": 3,
                "set": 5,
                "tie": null,
                "won": false,
              },
            ],
          },
        },
        "id": 2,
        "isLive": true,
        "isWatchable": true,
        "matchUrl": "https://eurosport.com",
      },
      Object {
        "data": Object {
          "bottomTeam": Object {
            "isServing": false,
            "playerOneName": "DAVIDOVICH FOKINA",
            "sets": Array [
              Object {
                "score": 3,
                "set": 1,
                "tie": null,
                "won": false,
              },
              Object {
                "score": 3,
                "set": 2,
                "tie": null,
                "won": false,
              },
              Object {
                "score": 7,
                "set": 3,
                "tie": null,
                "won": true,
              },
              Object {
                "score": 3,
                "set": 4,
                "tie": null,
                "won": false,
              },
              Object {
                "score": 6,
                "set": 5,
                "tie": null,
                "won": true,
              },
            ],
          },
          "topTeam": Object {
            "isServing": true,
            "playerOneName": "MENENDEZ-MACEIRAS",
            "sets": Array [
              Object {
                "score": 6,
                "set": 1,
                "tie": null,
                "won": true,
              },
              Object {
                "score": 6,
                "set": 2,
                "tie": null,
                "won": true,
              },
              Object {
                "score": 6,
                "set": 3,
                "tie": null,
                "won": false,
              },
              Object {
                "score": 6,
                "set": 4,
                "tie": null,
                "won": true,
              },
              Object {
                "score": 3,
                "set": 5,
                "tie": null,
                "won": false,
              },
            ],
          },
        },
        "id": 3,
        "isLive": true,
        "isWatchable": true,
        "matchUrl": "https://eurosport.com",
      },
      Object {
        "data": Object {
          "bottomTeam": Object {
            "isServing": false,
            "playerOneName": "DAVIDOVICH FOKINA",
            "sets": Array [
              Object {
                "score": 3,
                "set": 1,
                "tie": null,
                "won": false,
              },
              Object {
                "score": 3,
                "set": 2,
                "tie": null,
                "won": false,
              },
              Object {
                "score": 7,
                "set": 3,
                "tie": null,
                "won": true,
              },
              Object {
                "score": 3,
                "set": 4,
                "tie": null,
                "won": false,
              },
              Object {
                "score": 6,
                "set": 5,
                "tie": null,
                "won": true,
              },
            ],
          },
          "topTeam": Object {
            "isServing": true,
            "playerOneName": "MENENDEZ-MACEIRAS",
            "sets": Array [
              Object {
                "score": 6,
                "set": 1,
                "tie": null,
                "won": true,
              },
              Object {
                "score": 6,
                "set": 2,
                "tie": null,
                "won": true,
              },
              Object {
                "score": 6,
                "set": 3,
                "tie": null,
                "won": false,
              },
              Object {
                "score": 6,
                "set": 4,
                "tie": null,
                "won": true,
              },
              Object {
                "score": 3,
                "set": 5,
                "tie": null,
                "won": false,
              },
            ],
          },
        },
        "id": 4,
        "isLive": true,
        "isWatchable": true,
        "matchUrl": "https://eurosport.com",
      },
      Object {
        "data": Object {
          "bottomTeam": Object {
            "isServing": false,
            "playerOneName": "DAVIDOVICH FOKINA",
            "sets": Array [
              Object {
                "score": 3,
                "set": 1,
                "tie": null,
                "won": false,
              },
              Object {
                "score": 3,
                "set": 2,
                "tie": null,
                "won": false,
              },
              Object {
                "score": 7,
                "set": 3,
                "tie": null,
                "won": true,
              },
              Object {
                "score": 3,
                "set": 4,
                "tie": null,
                "won": false,
              },
              Object {
                "score": 6,
                "set": 5,
                "tie": null,
                "won": true,
              },
            ],
          },
          "topTeam": Object {
            "isServing": true,
            "playerOneName": "MENENDEZ-MACEIRAS",
            "sets": Array [
              Object {
                "score": 6,
                "set": 1,
                "tie": null,
                "won": true,
              },
              Object {
                "score": 6,
                "set": 2,
                "tie": null,
                "won": true,
              },
              Object {
                "score": 6,
                "set": 3,
                "tie": null,
                "won": false,
              },
              Object {
                "score": 6,
                "set": 4,
                "tie": null,
                "won": true,
              },
              Object {
                "score": 3,
                "set": 5,
                "tie": null,
                "won": false,
              },
            ],
          },
        },
        "id": 5,
        "isLive": true,
        "isWatchable": true,
        "matchUrl": "https://eurosport.com",
      },
      Object {
        "data": Object {
          "bottomTeam": Object {
            "isServing": false,
            "playerOneName": "DAVIDOVICH FOKINA",
            "sets": Array [
              Object {
                "score": 3,
                "set": 1,
                "tie": null,
                "won": false,
              },
              Object {
                "score": 3,
                "set": 2,
                "tie": null,
                "won": false,
              },
              Object {
                "score": 7,
                "set": 3,
                "tie": null,
                "won": true,
              },
              Object {
                "score": 3,
                "set": 4,
                "tie": null,
                "won": false,
              },
              Object {
                "score": 6,
                "set": 5,
                "tie": null,
                "won": true,
              },
            ],
          },
          "topTeam": Object {
            "isServing": true,
            "playerOneName": "MENENDEZ-MACEIRAS",
            "sets": Array [
              Object {
                "score": 6,
                "set": 1,
                "tie": null,
                "won": true,
              },
              Object {
                "score": 6,
                "set": 2,
                "tie": null,
                "won": true,
              },
              Object {
                "score": 6,
                "set": 3,
                "tie": null,
                "won": false,
              },
              Object {
                "score": 6,
                "set": 4,
                "tie": null,
                "won": true,
              },
              Object {
                "score": 3,
                "set": 5,
                "tie": null,
                "won": false,
              },
            ],
          },
        },
        "id": 6,
        "isLive": true,
        "isWatchable": true,
        "matchUrl": "https://eurosport.com",
      },
      Object {
        "data": Object {
          "bottomTeam": Object {
            "isServing": false,
            "playerOneName": "DAVIDOVICH FOKINA",
            "sets": Array [
              Object {
                "score": 3,
                "set": 1,
                "tie": null,
                "won": false,
              },
              Object {
                "score": 3,
                "set": 2,
                "tie": null,
                "won": false,
              },
              Object {
                "score": 7,
                "set": 3,
                "tie": null,
                "won": true,
              },
              Object {
                "score": 3,
                "set": 4,
                "tie": null,
                "won": false,
              },
              Object {
                "score": 6,
                "set": 5,
                "tie": null,
                "won": true,
              },
            ],
          },
          "topTeam": Object {
            "isServing": true,
            "playerOneName": "MENENDEZ-MACEIRAS",
            "sets": Array [
              Object {
                "score": 6,
                "set": 1,
                "tie": null,
                "won": true,
              },
              Object {
                "score": 6,
                "set": 2,
                "tie": null,
                "won": true,
              },
              Object {
                "score": 6,
                "set": 3,
                "tie": null,
                "won": false,
              },
              Object {
                "score": 6,
                "set": 4,
                "tie": null,
                "won": true,
              },
              Object {
                "score": 3,
                "set": 5,
                "tie": null,
                "won": false,
              },
            ],
          },
        },
        "id": 7,
        "isLive": true,
        "isWatchable": true,
        "matchUrl": "https://eurosport.com",
      },
    ]
  }
>
  <Row>
    <Column
      large={null}
      largeOffset={null}
      medium={null}
      mediumOffset={null}
      small={null}
      smallOffset={null}
      tiny="full"
      tinyOffset="0"
      wide={null}
      wideOffset="1"
    >
      <Styled(h3)>
        <Styled(Component)
          items={
            Array [
              Object {
                "name": "Match 1",
              },
              Object {
                "name": "Men's singles",
              },
            ]
          }
        />
      </Styled(h3)>
    </Column>
  </Row>
  <Styled(div)>
    <ViewMore
      showLessItemCount={1}
      showLessText="View less matches"
      showMoreText="View more matches"
    >
      <ShowMoreRow
        displayLeftCircle={false}
        matches={
          Array [
            Object {
              "data": Object {
                "bottomTeam": Object {
                  "isServing": false,
                  "playerOneName": "DAVIDOVICH FOKINA",
                  "sets": Array [
                    Object {
                      "score": 3,
                      "set": 1,
                      "tie": null,
                      "won": false,
                    },
                    Object {
                      "score": 3,
                      "set": 2,
                      "tie": null,
                      "won": false,
                    },
                    Object {
                      "score": 7,
                      "set": 3,
                      "tie": null,
                      "won": true,
                    },
                    Object {
                      "score": 3,
                      "set": 4,
                      "tie": null,
                      "won": false,
                    },
                    Object {
                      "score": 6,
                      "set": 5,
                      "tie": null,
                      "won": true,
                    },
                  ],
                },
                "topTeam": Object {
                  "isServing": true,
                  "playerOneName": "MENENDEZ-MACEIRAS",
                  "sets": Array [
                    Object {
                      "score": 6,
                      "set": 1,
                      "tie": null,
                      "won": true,
                    },
                    Object {
                      "score": 6,
                      "set": 2,
                      "tie": null,
                      "won": true,
                    },
                    Object {
                      "score": 6,
                      "set": 3,
                      "tie": null,
                      "won": false,
                    },
                    Object {
                      "score": 6,
                      "set": 4,
                      "tie": null,
                      "won": true,
                    },
                    Object {
                      "score": 3,
                      "set": 5,
                      "tie": null,
                      "won": false,
                    },
                  ],
                },
              },
              "id": 0,
              "isLive": true,
              "isWatchable": true,
              "matchUrl": "https://eurosport.com",
            },
            Object {
              "data": Object {
                "bottomTeam": Object {
                  "isServing": false,
                  "playerOneName": "DAVIDOVICH FOKINA",
                  "sets": Array [
                    Object {
                      "score": 3,
                      "set": 1,
                      "tie": null,
                      "won": false,
                    },
                    Object {
                      "score": 3,
                      "set": 2,
                      "tie": null,
                      "won": false,
                    },
                    Object {
                      "score": 7,
                      "set": 3,
                      "tie": null,
                      "won": true,
                    },
                    Object {
                      "score": 3,
                      "set": 4,
                      "tie": null,
                      "won": false,
                    },
                    Object {
                      "score": 6,
                      "set": 5,
                      "tie": null,
                      "won": true,
                    },
                  ],
                },
                "topTeam": Object {
                  "isServing": true,
                  "playerOneName": "MENENDEZ-MACEIRAS",
                  "sets": Array [
                    Object {
                      "score": 6,
                      "set": 1,
                      "tie": null,
                      "won": true,
                    },
                    Object {
                      "score": 6,
                      "set": 2,
                      "tie": null,
                      "won": true,
                    },
                    Object {
                      "score": 6,
                      "set": 3,
                      "tie": null,
                      "won": false,
                    },
                    Object {
                      "score": 6,
                      "set": 4,
                      "tie": null,
                      "won": true,
                    },
                    Object {
                      "score": 3,
                      "set": 5,
                      "tie": null,
                      "won": false,
                    },
                  ],
                },
              },
              "id": 1,
              "isLive": true,
              "isWatchable": true,
              "matchUrl": "https://eurosport.com",
            },
            Object {
              "data": Object {
                "bottomTeam": Object {
                  "isServing": false,
                  "playerOneName": "DAVIDOVICH FOKINA",
                  "sets": Array [
                    Object {
                      "score": 3,
                      "set": 1,
                      "tie": null,
                      "won": false,
                    },
                    Object {
                      "score": 3,
                      "set": 2,
                      "tie": null,
                      "won": false,
                    },
                    Object {
                      "score": 7,
                      "set": 3,
                      "tie": null,
                      "won": true,
                    },
                    Object {
                      "score": 3,
                      "set": 4,
                      "tie": null,
                      "won": false,
                    },
                    Object {
                      "score": 6,
                      "set": 5,
                      "tie": null,
                      "won": true,
                    },
                  ],
                },
                "topTeam": Object {
                  "isServing": true,
                  "playerOneName": "MENENDEZ-MACEIRAS",
                  "sets": Array [
                    Object {
                      "score": 6,
                      "set": 1,
                      "tie": null,
                      "won": true,
                    },
                    Object {
                      "score": 6,
                      "set": 2,
                      "tie": null,
                      "won": true,
                    },
                    Object {
                      "score": 6,
                      "set": 3,
                      "tie": null,
                      "won": false,
                    },
                    Object {
                      "score": 6,
                      "set": 4,
                      "tie": null,
                      "won": true,
                    },
                    Object {
                      "score": 3,
                      "set": 5,
                      "tie": null,
                      "won": false,
                    },
                  ],
                },
              },
              "id": 2,
              "isLive": true,
              "isWatchable": true,
              "matchUrl": "https://eurosport.com",
            },
            Object {
              "data": Object {
                "bottomTeam": Object {
                  "isServing": false,
                  "playerOneName": "DAVIDOVICH FOKINA",
                  "sets": Array [
                    Object {
                      "score": 3,
                      "set": 1,
                      "tie": null,
                      "won": false,
                    },
                    Object {
                      "score": 3,
                      "set": 2,
                      "tie": null,
                      "won": false,
                    },
                    Object {
                      "score": 7,
                      "set": 3,
                      "tie": null,
                      "won": true,
                    },
                    Object {
                      "score": 3,
                      "set": 4,
                      "tie": null,
                      "won": false,
                    },
                    Object {
                      "score": 6,
                      "set": 5,
                      "tie": null,
                      "won": true,
                    },
                  ],
                },
                "topTeam": Object {
                  "isServing": true,
                  "playerOneName": "MENENDEZ-MACEIRAS",
                  "sets": Array [
                    Object {
                      "score": 6,
                      "set": 1,
                      "tie": null,
                      "won": true,
                    },
                    Object {
                      "score": 6,
                      "set": 2,
                      "tie": null,
                      "won": true,
                    },
                    Object {
                      "score": 6,
                      "set": 3,
                      "tie": null,
                      "won": false,
                    },
                    Object {
                      "score": 6,
                      "set": 4,
                      "tie": null,
                      "won": true,
                    },
                    Object {
                      "score": 3,
                      "set": 5,
                      "tie": null,
                      "won": false,
                    },
                  ],
                },
              },
              "id": 3,
              "isLive": true,
              "isWatchable": true,
              "matchUrl": "https://eurosport.com",
            },
            Object {
              "data": Object {
                "bottomTeam": Object {
                  "isServing": false,
                  "playerOneName": "DAVIDOVICH FOKINA",
                  "sets": Array [
                    Object {
                      "score": 3,
                      "set": 1,
                      "tie": null,
                      "won": false,
                    },
                    Object {
                      "score": 3,
                      "set": 2,
                      "tie": null,
                      "won": false,
                    },
                    Object {
                      "score": 7,
                      "set": 3,
                      "tie": null,
                      "won": true,
                    },
                    Object {
                      "score": 3,
                      "set": 4,
                      "tie": null,
                      "won": false,
                    },
                    Object {
                      "score": 6,
                      "set": 5,
                      "tie": null,
                      "won": true,
                    },
                  ],
                },
                "topTeam": Object {
                  "isServing": true,
                  "playerOneName": "MENENDEZ-MACEIRAS",
                  "sets": Array [
                    Object {
                      "score": 6,
                      "set": 1,
                      "tie": null,
                      "won": true,
                    },
                    Object {
                      "score": 6,
                      "set": 2,
                      "tie": null,
                      "won": true,
                    },
                    Object {
                      "score": 6,
                      "set": 3,
                      "tie": null,
                      "won": false,
                    },
                    Object {
                      "score": 6,
                      "set": 4,
                      "tie": null,
                      "won": true,
                    },
                    Object {
                      "score": 3,
                      "set": 5,
                      "tie": null,
                      "won": false,
                    },
                  ],
                },
              },
              "id": 4,
              "isLive": true,
              "isWatchable": true,
              "matchUrl": "https://eurosport.com",
            },
            Object {
              "data": Object {
                "bottomTeam": Object {
                  "isServing": false,
                  "playerOneName": "DAVIDOVICH FOKINA",
                  "sets": Array [
                    Object {
                      "score": 3,
                      "set": 1,
                      "tie": null,
                      "won": false,
                    },
                    Object {
                      "score": 3,
                      "set": 2,
                      "tie": null,
                      "won": false,
                    },
                    Object {
                      "score": 7,
                      "set": 3,
                      "tie": null,
                      "won": true,
                    },
                    Object {
                      "score": 3,
                      "set": 4,
                      "tie": null,
                      "won": false,
                    },
                    Object {
                      "score": 6,
                      "set": 5,
                      "tie": null,
                      "won": true,
                    },
                  ],
                },
                "topTeam": Object {
                  "isServing": true,
                  "playerOneName": "MENENDEZ-MACEIRAS",
                  "sets": Array [
                    Object {
                      "score": 6,
                      "set": 1,
                      "tie": null,
                      "won": true,
                    },
                    Object {
                      "score": 6,
                      "set": 2,
                      "tie": null,
                      "won": true,
                    },
                    Object {
                      "score": 6,
                      "set": 3,
                      "tie": null,
                      "won": false,
                    },
                    Object {
                      "score": 6,
                      "set": 4,
                      "tie": null,
                      "won": true,
                    },
                    Object {
                      "score": 3,
                      "set": 5,
                      "tie": null,
                      "won": false,
                    },
                  ],
                },
              },
              "id": 5,
              "isLive": true,
              "isWatchable": true,
              "matchUrl": "https://eurosport.com",
            },
          ]
        }
        scoreBlockProps={
          Object {
            "liveButtonText": "Live",
            "matchInfoButtonText": "Match Info",
          }
        }
      />
      <ShowMoreRow
        displayLeftCircle={false}
        matches={
          Array [
            Object {
              "data": Object {
                "bottomTeam": Object {
                  "isServing": false,
                  "playerOneName": "DAVIDOVICH FOKINA",
                  "sets": Array [
                    Object {
                      "score": 3,
                      "set": 1,
                      "tie": null,
                      "won": false,
                    },
                    Object {
                      "score": 3,
                      "set": 2,
                      "tie": null,
                      "won": false,
                    },
                    Object {
                      "score": 7,
                      "set": 3,
                      "tie": null,
                      "won": true,
                    },
                    Object {
                      "score": 3,
                      "set": 4,
                      "tie": null,
                      "won": false,
                    },
                    Object {
                      "score": 6,
                      "set": 5,
                      "tie": null,
                      "won": true,
                    },
                  ],
                },
                "topTeam": Object {
                  "isServing": true,
                  "playerOneName": "MENENDEZ-MACEIRAS",
                  "sets": Array [
                    Object {
                      "score": 6,
                      "set": 1,
                      "tie": null,
                      "won": true,
                    },
                    Object {
                      "score": 6,
                      "set": 2,
                      "tie": null,
                      "won": true,
                    },
                    Object {
                      "score": 6,
                      "set": 3,
                      "tie": null,
                      "won": false,
                    },
                    Object {
                      "score": 6,
                      "set": 4,
                      "tie": null,
                      "won": true,
                    },
                    Object {
                      "score": 3,
                      "set": 5,
                      "tie": null,
                      "won": false,
                    },
                  ],
                },
              },
              "id": 6,
              "isLive": true,
              "isWatchable": true,
              "matchUrl": "https://eurosport.com",
            },
            Object {
              "data": Object {
                "bottomTeam": Object {
                  "isServing": false,
                  "playerOneName": "DAVIDOVICH FOKINA",
                  "sets": Array [
                    Object {
                      "score": 3,
                      "set": 1,
                      "tie": null,
                      "won": false,
                    },
                    Object {
                      "score": 3,
                      "set": 2,
                      "tie": null,
                      "won": false,
                    },
                    Object {
                      "score": 7,
                      "set": 3,
                      "tie": null,
                      "won": true,
                    },
                    Object {
                      "score": 3,
                      "set": 4,
                      "tie": null,
                      "won": false,
                    },
                    Object {
                      "score": 6,
                      "set": 5,
                      "tie": null,
                      "won": true,
                    },
                  ],
                },
                "topTeam": Object {
                  "isServing": true,
                  "playerOneName": "MENENDEZ-MACEIRAS",
                  "sets": Array [
                    Object {
                      "score": 6,
                      "set": 1,
                      "tie": null,
                      "won": true,
                    },
                    Object {
                      "score": 6,
                      "set": 2,
                      "tie": null,
                      "won": true,
                    },
                    Object {
                      "score": 6,
                      "set": 3,
                      "tie": null,
                      "won": false,
                    },
                    Object {
                      "score": 6,
                      "set": 4,
                      "tie": null,
                      "won": true,
                    },
                    Object {
                      "score": 3,
                      "set": 5,
                      "tie": null,
                      "won": false,
                    },
                  ],
                },
              },
              "id": 7,
              "isLive": true,
              "isWatchable": true,
              "matchUrl": "https://eurosport.com",
            },
          ]
        }
        scoreBlockProps={
          Object {
            "liveButtonText": "Live",
            "matchInfoButtonText": "Match Info",
          }
        }
      />
    </ViewMore>
  </Styled(div)>
</Styled(div)>
`;
