// Jest Snapshot v1, https://goo.gl/fbAQLP

exports[`AllMatches renders as expected 1`] = `
<Fragment>
  <MatchGrid
    eventName="Men's singles"
    matches={
      Array [
        Object {
          "data": Object {
            "bottomTeam": Object {
              "isServing": false,
              "playerOneName": "DAVIDOVICH FOKINA",
              "sets": Array [
                Object {
                  "score": 3,
                  "set": 1,
                  "tie": null,
                  "won": false,
                },
                Object {
                  "score": 3,
                  "set": 2,
                  "tie": null,
                  "won": false,
                },
                Object {
                  "score": 7,
                  "set": 3,
                  "tie": null,
                  "won": true,
                },
                Object {
                  "score": 3,
                  "set": 4,
                  "tie": null,
                  "won": false,
                },
                Object {
                  "score": 6,
                  "set": 5,
                  "tie": null,
                  "won": true,
                },
              ],
            },
            "topTeam": Object {
              "isServing": true,
              "playerOneName": "MENENDEZ-MACEIRAS",
              "sets": Array [
                Object {
                  "score": 6,
                  "set": 1,
                  "tie": null,
                  "won": true,
                },
                Object {
                  "score": 6,
                  "set": 2,
                  "tie": null,
                  "won": true,
                },
                Object {
                  "score": 6,
                  "set": 3,
                  "tie": null,
                  "won": false,
                },
                Object {
                  "score": 6,
                  "set": 4,
                  "tie": null,
                  "won": true,
                },
                Object {
                  "score": 3,
                  "set": 5,
                  "tie": null,
                  "won": false,
                },
              ],
            },
          },
          "id": 0,
          "isLive": true,
          "isWatchable": true,
          "matchUrl": "https://eurosport.com",
        },
        Object {
          "data": Object {
            "bottomTeam": Object {
              "isServing": false,
              "playerOneName": "DAVIDOVICH FOKINA",
              "sets": Array [
                Object {
                  "score": 3,
                  "set": 1,
                  "tie": null,
                  "won": false,
                },
                Object {
                  "score": 3,
                  "set": 2,
                  "tie": null,
                  "won": false,
                },
                Object {
                  "score": 7,
                  "set": 3,
                  "tie": null,
                  "won": true,
                },
                Object {
                  "score": 3,
                  "set": 4,
                  "tie": null,
                  "won": false,
                },
                Object {
                  "score": 6,
                  "set": 5,
                  "tie": null,
                  "won": true,
                },
              ],
            },
            "topTeam": Object {
              "isServing": true,
              "playerOneName": "MENENDEZ-MACEIRAS",
              "sets": Array [
                Object {
                  "score": 6,
                  "set": 1,
                  "tie": null,
                  "won": true,
                },
                Object {
                  "score": 6,
                  "set": 2,
                  "tie": null,
                  "won": true,
                },
                Object {
                  "score": 6,
                  "set": 3,
                  "tie": null,
                  "won": false,
                },
                Object {
                  "score": 6,
                  "set": 4,
                  "tie": null,
                  "won": true,
                },
                Object {
                  "score": 3,
                  "set": 5,
                  "tie": null,
                  "won": false,
                },
              ],
            },
          },
          "id": 1,
          "isLive": true,
          "isWatchable": true,
          "matchUrl": "https://eurosport.com",
        },
        Object {
          "data": Object {
            "bottomTeam": Object {
              "isServing": false,
              "playerOneName": "DAVIDOVICH FOKINA",
              "sets": Array [
                Object {
                  "score": 3,
                  "set": 1,
                  "tie": null,
                  "won": false,
                },
                Object {
                  "score": 3,
                  "set": 2,
                  "tie": null,
                  "won": false,
                },
                Object {
                  "score": 7,
                  "set": 3,
                  "tie": null,
                  "won": true,
                },
                Object {
                  "score": 3,
                  "set": 4,
                  "tie": null,
                  "won": false,
                },
                Object {
                  "score": 6,
                  "set": 5,
                  "tie": null,
                  "won": true,
                },
              ],
            },
            "topTeam": Object {
              "isServing": true,
              "playerOneName": "MENENDEZ-MACEIRAS",
              "sets": Array [
                Object {
                  "score": 6,
                  "set": 1,
                  "tie": null,
                  "won": true,
                },
                Object {
                  "score": 6,
                  "set": 2,
                  "tie": null,
                  "won": true,
                },
                Object {
                  "score": 6,
                  "set": 3,
                  "tie": null,
                  "won": false,
                },
                Object {
                  "score": 6,
                  "set": 4,
                  "tie": null,
                  "won": true,
                },
                Object {
                  "score": 3,
                  "set": 5,
                  "tie": null,
                  "won": false,
                },
              ],
            },
          },
          "id": 2,
          "isLive": true,
          "isWatchable": true,
          "matchUrl": "https://eurosport.com",
        },
        Object {
          "data": Object {
            "bottomTeam": Object {
              "isServing": false,
              "playerOneName": "DAVIDOVICH FOKINA",
              "sets": Array [
                Object {
                  "score": 3,
                  "set": 1,
                  "tie": null,
                  "won": false,
                },
                Object {
                  "score": 3,
                  "set": 2,
                  "tie": null,
                  "won": false,
                },
                Object {
                  "score": 7,
                  "set": 3,
                  "tie": null,
                  "won": true,
                },
                Object {
                  "score": 3,
                  "set": 4,
                  "tie": null,
                  "won": false,
                },
                Object {
                  "score": 6,
                  "set": 5,
                  "tie": null,
                  "won": true,
                },
              ],
            },
            "topTeam": Object {
              "isServing": true,
              "playerOneName": "MENENDEZ-MACEIRAS",
              "sets": Array [
                Object {
                  "score": 6,
                  "set": 1,
                  "tie": null,
                  "won": true,
                },
                Object {
                  "score": 6,
                  "set": 2,
                  "tie": null,
                  "won": true,
                },
                Object {
                  "score": 6,
                  "set": 3,
                  "tie": null,
                  "won": false,
                },
                Object {
                  "score": 6,
                  "set": 4,
                  "tie": null,
                  "won": true,
                },
                Object {
                  "score": 3,
                  "set": 5,
                  "tie": null,
                  "won": false,
                },
              ],
            },
          },
          "id": 3,
          "isLive": true,
          "isWatchable": true,
          "matchUrl": "https://eurosport.com",
        },
        Object {
          "data": Object {
            "bottomTeam": Object {
              "isServing": false,
              "playerOneName": "DAVIDOVICH FOKINA",
              "sets": Array [
                Object {
                  "score": 3,
                  "set": 1,
                  "tie": null,
                  "won": false,
                },
                Object {
                  "score": 3,
                  "set": 2,
                  "tie": null,
                  "won": false,
                },
                Object {
                  "score": 7,
                  "set": 3,
                  "tie": null,
                  "won": true,
                },
                Object {
                  "score": 3,
                  "set": 4,
                  "tie": null,
                  "won": false,
                },
                Object {
                  "score": 6,
                  "set": 5,
                  "tie": null,
                  "won": true,
                },
              ],
            },
            "topTeam": Object {
              "isServing": true,
              "playerOneName": "MENENDEZ-MACEIRAS",
              "sets": Array [
                Object {
                  "score": 6,
                  "set": 1,
                  "tie": null,
                  "won": true,
                },
                Object {
                  "score": 6,
                  "set": 2,
                  "tie": null,
                  "won": true,
                },
                Object {
                  "score": 6,
                  "set": 3,
                  "tie": null,
                  "won": false,
                },
                Object {
                  "score": 6,
                  "set": 4,
                  "tie": null,
                  "won": true,
                },
                Object {
                  "score": 3,
                  "set": 5,
                  "tie": null,
                  "won": false,
                },
              ],
            },
          },
          "id": 4,
          "isLive": true,
          "isWatchable": true,
          "matchUrl": "https://eurosport.com",
        },
        Object {
          "data": Object {
            "bottomTeam": Object {
              "isServing": false,
              "playerOneName": "DAVIDOVICH FOKINA",
              "sets": Array [
                Object {
                  "score": 3,
                  "set": 1,
                  "tie": null,
                  "won": false,
                },
                Object {
                  "score": 3,
                  "set": 2,
                  "tie": null,
                  "won": false,
                },
                Object {
                  "score": 7,
                  "set": 3,
                  "tie": null,
                  "won": true,
                },
                Object {
                  "score": 3,
                  "set": 4,
                  "tie": null,
                  "won": false,
                },
                Object {
                  "score": 6,
                  "set": 5,
                  "tie": null,
                  "won": true,
                },
              ],
            },
            "topTeam": Object {
              "isServing": true,
              "playerOneName": "MENENDEZ-MACEIRAS",
              "sets": Array [
                Object {
                  "score": 6,
                  "set": 1,
                  "tie": null,
                  "won": true,
                },
                Object {
                  "score": 6,
                  "set": 2,
                  "tie": null,
                  "won": true,
                },
                Object {
                  "score": 6,
                  "set": 3,
                  "tie": null,
                  "won": false,
                },
                Object {
                  "score": 6,
                  "set": 4,
                  "tie": null,
                  "won": true,
                },
                Object {
                  "score": 3,
                  "set": 5,
                  "tie": null,
                  "won": false,
                },
              ],
            },
          },
          "id": 5,
          "isLive": true,
          "isWatchable": true,
          "matchUrl": "https://eurosport.com",
        },
        Object {
          "data": Object {
            "bottomTeam": Object {
              "isServing": false,
              "playerOneName": "DAVIDOVICH FOKINA",
              "sets": Array [
                Object {
                  "score": 3,
                  "set": 1,
                  "tie": null,
                  "won": false,
                },
                Object {
                  "score": 3,
                  "set": 2,
                  "tie": null,
                  "won": false,
                },
                Object {
                  "score": 7,
                  "set": 3,
                  "tie": null,
                  "won": true,
                },
                Object {
                  "score": 3,
                  "set": 4,
                  "tie": null,
                  "won": false,
                },
                Object {
                  "score": 6,
                  "set": 5,
                  "tie": null,
                  "won": true,
                },
              ],
            },
            "topTeam": Object {
              "isServing": true,
              "playerOneName": "MENENDEZ-MACEIRAS",
              "sets": Array [
                Object {
                  "score": 6,
                  "set": 1,
                  "tie": null,
                  "won": true,
                },
                Object {
                  "score": 6,
                  "set": 2,
                  "tie": null,
                  "won": true,
                },
                Object {
                  "score": 6,
                  "set": 3,
                  "tie": null,
                  "won": false,
                },
                Object {
                  "score": 6,
                  "set": 4,
                  "tie": null,
                  "won": true,
                },
                Object {
                  "score": 3,
                  "set": 5,
                  "tie": null,
                  "won": false,
                },
              ],
            },
          },
          "id": 6,
          "isLive": true,
          "isWatchable": true,
          "matchUrl": "https://eurosport.com",
        },
        Object {
          "data": Object {
            "bottomTeam": Object {
              "isServing": false,
              "playerOneName": "DAVIDOVICH FOKINA",
              "sets": Array [
                Object {
                  "score": 3,
                  "set": 1,
                  "tie": null,
                  "won": false,
                },
                Object {
                  "score": 3,
                  "set": 2,
                  "tie": null,
                  "won": false,
                },
                Object {
                  "score": 7,
                  "set": 3,
                  "tie": null,
                  "won": true,
                },
                Object {
                  "score": 3,
                  "set": 4,
                  "tie": null,
                  "won": false,
                },
                Object {
                  "score": 6,
                  "set": 5,
                  "tie": null,
                  "won": true,
                },
              ],
            },
            "topTeam": Object {
              "isServing": true,
              "playerOneName": "MENENDEZ-MACEIRAS",
              "sets": Array [
                Object {
                  "score": 6,
                  "set": 1,
                  "tie": null,
                  "won": true,
                },
                Object {
                  "score": 6,
                  "set": 2,
                  "tie": null,
                  "won": true,
                },
                Object {
                  "score": 6,
                  "set": 3,
                  "tie": null,
                  "won": false,
                },
                Object {
                  "score": 6,
                  "set": 4,
                  "tie": null,
                  "won": true,
                },
                Object {
                  "score": 3,
                  "set": 5,
                  "tie": null,
                  "won": false,
                },
              ],
            },
          },
          "id": 7,
          "isLive": true,
          "isWatchable": true,
          "matchUrl": "https://eurosport.com",
        },
      ]
    }
    showLessText="View less matches"
    showMoreText="View more matches"
    title="Live Now"
  />
  <MatchGrid
    eventName="Men's singles"
    matches={
      Array [
        Object {
          "data": Object {
            "bottomTeam": Object {
              "isServing": false,
              "playerOneName": "DAVIDOVICH FOKINA",
              "sets": Array [],
            },
            "topTeam": Object {
              "isServing": false,
              "playerOneName": "MENENDEZ-MACEIRAS",
              "sets": Array [],
            },
          },
          "id": 0,
          "isLive": false,
          "isWatchable": false,
          "matchUrl": "https://eurosport.com",
        },
        Object {
          "data": Object {
            "bottomTeam": Object {
              "isServing": false,
              "playerOneName": "DAVIDOVICH FOKINA",
              "sets": Array [],
            },
            "topTeam": Object {
              "isServing": false,
              "playerOneName": "MENENDEZ-MACEIRAS",
              "sets": Array [],
            },
          },
          "id": 1,
          "isLive": false,
          "isWatchable": false,
          "matchUrl": "https://eurosport.com",
        },
        Object {
          "data": Object {
            "bottomTeam": Object {
              "isServing": false,
              "playerOneName": "DAVIDOVICH FOKINA",
              "sets": Array [],
            },
            "topTeam": Object {
              "isServing": false,
              "playerOneName": "MENENDEZ-MACEIRAS",
              "sets": Array [],
            },
          },
          "id": 2,
          "isLive": false,
          "isWatchable": false,
          "matchUrl": "https://eurosport.com",
        },
        Object {
          "data": Object {
            "bottomTeam": Object {
              "isServing": false,
              "playerOneName": "DAVIDOVICH FOKINA",
              "sets": Array [],
            },
            "topTeam": Object {
              "isServing": false,
              "playerOneName": "MENENDEZ-MACEIRAS",
              "sets": Array [],
            },
          },
          "id": 3,
          "isLive": false,
          "isWatchable": false,
          "matchUrl": "https://eurosport.com",
        },
        Object {
          "data": Object {
            "bottomTeam": Object {
              "isServing": false,
              "playerOneName": "DAVIDOVICH FOKINA",
              "sets": Array [],
            },
            "topTeam": Object {
              "isServing": false,
              "playerOneName": "MENENDEZ-MACEIRAS",
              "sets": Array [],
            },
          },
          "id": 4,
          "isLive": false,
          "isWatchable": false,
          "matchUrl": "https://eurosport.com",
        },
      ]
    }
    showLessText="View less matches"
    showMoreText="View more matches"
    title="Upcoming"
  />
  <MatchGrid
    eventName="Men's singles"
    matches={
      Array [
        Object {
          "data": Object {
            "bottomTeam": Object {
              "hasWon": false,
              "isServing": false,
              "playerOneName": "DAVIDOVICH FOKINA",
              "sets": Array [
                Object {
                  "score": 3,
                  "set": 1,
                  "tie": null,
                  "won": false,
                },
                Object {
                  "score": 3,
                  "set": 2,
                  "tie": null,
                  "won": false,
                },
                Object {
                  "score": 7,
                  "set": 3,
                  "tie": 7,
                  "won": true,
                },
                Object {
                  "score": 3,
                  "set": 4,
                  "tie": null,
                  "won": false,
                },
                Object {
                  "score": 6,
                  "set": 5,
                  "tie": null,
                  "won": true,
                },
              ],
            },
            "topTeam": Object {
              "hasWon": true,
              "isServing": false,
              "playerOneName": "RAHMAN MAKSSOUD",
              "sets": Array [
                Object {
                  "score": 6,
                  "set": 1,
                  "tie": null,
                  "won": true,
                },
                Object {
                  "score": 6,
                  "set": 2,
                  "tie": null,
                  "won": true,
                },
                Object {
                  "score": 6,
                  "set": 3,
                  "tie": 2,
                  "won": false,
                },
                Object {
                  "score": 6,
                  "set": 4,
                  "tie": null,
                  "won": true,
                },
                Object {
                  "score": 3,
                  "set": 5,
                  "tie": null,
                  "won": false,
                },
              ],
            },
          },
          "id": 0,
          "isLive": false,
          "isWatchable": false,
          "matchUrl": "https://eurosport.com",
        },
        Object {
          "data": Object {
            "bottomTeam": Object {
              "hasWon": false,
              "isServing": false,
              "playerOneName": "DAVIDOVICH FOKINA",
              "sets": Array [
                Object {
                  "score": 3,
                  "set": 1,
                  "tie": null,
                  "won": false,
                },
                Object {
                  "score": 3,
                  "set": 2,
                  "tie": null,
                  "won": false,
                },
                Object {
                  "score": 7,
                  "set": 3,
                  "tie": 7,
                  "won": true,
                },
                Object {
                  "score": 3,
                  "set": 4,
                  "tie": null,
                  "won": false,
                },
                Object {
                  "score": 6,
                  "set": 5,
                  "tie": null,
                  "won": true,
                },
              ],
            },
            "topTeam": Object {
              "hasWon": true,
              "isServing": false,
              "playerOneName": "RAHMAN MAKSSOUD",
              "sets": Array [
                Object {
                  "score": 6,
                  "set": 1,
                  "tie": null,
                  "won": true,
                },
                Object {
                  "score": 6,
                  "set": 2,
                  "tie": null,
                  "won": true,
                },
                Object {
                  "score": 6,
                  "set": 3,
                  "tie": 2,
                  "won": false,
                },
                Object {
                  "score": 6,
                  "set": 4,
                  "tie": null,
                  "won": true,
                },
                Object {
                  "score": 3,
                  "set": 5,
                  "tie": null,
                  "won": false,
                },
              ],
            },
          },
          "id": 1,
          "isLive": false,
          "isWatchable": false,
          "matchUrl": "https://eurosport.com",
        },
        Object {
          "data": Object {
            "bottomTeam": Object {
              "hasWon": false,
              "isServing": false,
              "playerOneName": "DAVIDOVICH FOKINA",
              "sets": Array [
                Object {
                  "score": 3,
                  "set": 1,
                  "tie": null,
                  "won": false,
                },
                Object {
                  "score": 3,
                  "set": 2,
                  "tie": null,
                  "won": false,
                },
                Object {
                  "score": 7,
                  "set": 3,
                  "tie": 7,
                  "won": true,
                },
                Object {
                  "score": 3,
                  "set": 4,
                  "tie": null,
                  "won": false,
                },
                Object {
                  "score": 6,
                  "set": 5,
                  "tie": null,
                  "won": true,
                },
              ],
            },
            "topTeam": Object {
              "hasWon": true,
              "isServing": false,
              "playerOneName": "RAHMAN MAKSSOUD",
              "sets": Array [
                Object {
                  "score": 6,
                  "set": 1,
                  "tie": null,
                  "won": true,
                },
                Object {
                  "score": 6,
                  "set": 2,
                  "tie": null,
                  "won": true,
                },
                Object {
                  "score": 6,
                  "set": 3,
                  "tie": 2,
                  "won": false,
                },
                Object {
                  "score": 6,
                  "set": 4,
                  "tie": null,
                  "won": true,
                },
                Object {
                  "score": 3,
                  "set": 5,
                  "tie": null,
                  "won": false,
                },
              ],
            },
          },
          "id": 2,
          "isLive": false,
          "isWatchable": false,
          "matchUrl": "https://eurosport.com",
        },
        Object {
          "data": Object {
            "bottomTeam": Object {
              "hasWon": false,
              "isServing": false,
              "playerOneName": "DAVIDOVICH FOKINA",
              "sets": Array [
                Object {
                  "score": 3,
                  "set": 1,
                  "tie": null,
                  "won": false,
                },
                Object {
                  "score": 3,
                  "set": 2,
                  "tie": null,
                  "won": false,
                },
                Object {
                  "score": 7,
                  "set": 3,
                  "tie": 7,
                  "won": true,
                },
                Object {
                  "score": 3,
                  "set": 4,
                  "tie": null,
                  "won": false,
                },
                Object {
                  "score": 6,
                  "set": 5,
                  "tie": null,
                  "won": true,
                },
              ],
            },
            "topTeam": Object {
              "hasWon": true,
              "isServing": false,
              "playerOneName": "RAHMAN MAKSSOUD",
              "sets": Array [
                Object {
                  "score": 6,
                  "set": 1,
                  "tie": null,
                  "won": true,
                },
                Object {
                  "score": 6,
                  "set": 2,
                  "tie": null,
                  "won": true,
                },
                Object {
                  "score": 6,
                  "set": 3,
                  "tie": 2,
                  "won": false,
                },
                Object {
                  "score": 6,
                  "set": 4,
                  "tie": null,
                  "won": true,
                },
                Object {
                  "score": 3,
                  "set": 5,
                  "tie": null,
                  "won": false,
                },
              ],
            },
          },
          "id": 3,
          "isLive": false,
          "isWatchable": false,
          "matchUrl": "https://eurosport.com",
        },
        Object {
          "data": Object {
            "bottomTeam": Object {
              "hasWon": false,
              "isServing": false,
              "playerOneName": "DAVIDOVICH FOKINA",
              "sets": Array [
                Object {
                  "score": 3,
                  "set": 1,
                  "tie": null,
                  "won": false,
                },
                Object {
                  "score": 3,
                  "set": 2,
                  "tie": null,
                  "won": false,
                },
                Object {
                  "score": 7,
                  "set": 3,
                  "tie": 7,
                  "won": true,
                },
                Object {
                  "score": 3,
                  "set": 4,
                  "tie": null,
                  "won": false,
                },
                Object {
                  "score": 6,
                  "set": 5,
                  "tie": null,
                  "won": true,
                },
              ],
            },
            "topTeam": Object {
              "hasWon": true,
              "isServing": false,
              "playerOneName": "RAHMAN MAKSSOUD",
              "sets": Array [
                Object {
                  "score": 6,
                  "set": 1,
                  "tie": null,
                  "won": true,
                },
                Object {
                  "score": 6,
                  "set": 2,
                  "tie": null,
                  "won": true,
                },
                Object {
                  "score": 6,
                  "set": 3,
                  "tie": 2,
                  "won": false,
                },
                Object {
                  "score": 6,
                  "set": 4,
                  "tie": null,
                  "won": true,
                },
                Object {
                  "score": 3,
                  "set": 5,
                  "tie": null,
                  "won": false,
                },
              ],
            },
          },
          "id": 4,
          "isLive": false,
          "isWatchable": false,
          "matchUrl": "https://eurosport.com",
        },
        Object {
          "data": Object {
            "bottomTeam": Object {
              "hasWon": false,
              "isServing": false,
              "playerOneName": "DAVIDOVICH FOKINA",
              "sets": Array [
                Object {
                  "score": 3,
                  "set": 1,
                  "tie": null,
                  "won": false,
                },
                Object {
                  "score": 3,
                  "set": 2,
                  "tie": null,
                  "won": false,
                },
                Object {
                  "score": 7,
                  "set": 3,
                  "tie": 7,
                  "won": true,
                },
                Object {
                  "score": 3,
                  "set": 4,
                  "tie": null,
                  "won": false,
                },
                Object {
                  "score": 6,
                  "set": 5,
                  "tie": null,
                  "won": true,
                },
              ],
            },
            "topTeam": Object {
              "hasWon": true,
              "isServing": false,
              "playerOneName": "RAHMAN MAKSSOUD",
              "sets": Array [
                Object {
                  "score": 6,
                  "set": 1,
                  "tie": null,
                  "won": true,
                },
                Object {
                  "score": 6,
                  "set": 2,
                  "tie": null,
                  "won": true,
                },
                Object {
                  "score": 6,
                  "set": 3,
                  "tie": 2,
                  "won": false,
                },
                Object {
                  "score": 6,
                  "set": 4,
                  "tie": null,
                  "won": true,
                },
                Object {
                  "score": 3,
                  "set": 5,
                  "tie": null,
                  "won": false,
                },
              ],
            },
          },
          "id": 5,
          "isLive": false,
          "isWatchable": false,
          "matchUrl": "https://eurosport.com",
        },
        Object {
          "data": Object {
            "bottomTeam": Object {
              "hasWon": false,
              "isServing": false,
              "playerOneName": "DAVIDOVICH FOKINA",
              "sets": Array [
                Object {
                  "score": 3,
                  "set": 1,
                  "tie": null,
                  "won": false,
                },
                Object {
                  "score": 3,
                  "set": 2,
                  "tie": null,
                  "won": false,
                },
                Object {
                  "score": 7,
                  "set": 3,
                  "tie": 7,
                  "won": true,
                },
                Object {
                  "score": 3,
                  "set": 4,
                  "tie": null,
                  "won": false,
                },
                Object {
                  "score": 6,
                  "set": 5,
                  "tie": null,
                  "won": true,
                },
              ],
            },
            "topTeam": Object {
              "hasWon": true,
              "isServing": false,
              "playerOneName": "RAHMAN MAKSSOUD",
              "sets": Array [
                Object {
                  "score": 6,
                  "set": 1,
                  "tie": null,
                  "won": true,
                },
                Object {
                  "score": 6,
                  "set": 2,
                  "tie": null,
                  "won": true,
                },
                Object {
                  "score": 6,
                  "set": 3,
                  "tie": 2,
                  "won": false,
                },
                Object {
                  "score": 6,
                  "set": 4,
                  "tie": null,
                  "won": true,
                },
                Object {
                  "score": 3,
                  "set": 5,
                  "tie": null,
                  "won": false,
                },
              ],
            },
          },
          "id": 6,
          "isLive": false,
          "isWatchable": false,
          "matchUrl": "https://eurosport.com",
        },
        Object {
          "data": Object {
            "bottomTeam": Object {
              "hasWon": false,
              "isServing": false,
              "playerOneName": "DAVIDOVICH FOKINA",
              "sets": Array [
                Object {
                  "score": 3,
                  "set": 1,
                  "tie": null,
                  "won": false,
                },
                Object {
                  "score": 3,
                  "set": 2,
                  "tie": null,
                  "won": false,
                },
                Object {
                  "score": 7,
                  "set": 3,
                  "tie": 7,
                  "won": true,
                },
                Object {
                  "score": 3,
                  "set": 4,
                  "tie": null,
                  "won": false,
                },
                Object {
                  "score": 6,
                  "set": 5,
                  "tie": null,
                  "won": true,
                },
              ],
            },
            "topTeam": Object {
              "hasWon": true,
              "isServing": false,
              "playerOneName": "RAHMAN MAKSSOUD",
              "sets": Array [
                Object {
                  "score": 6,
                  "set": 1,
                  "tie": null,
                  "won": true,
                },
                Object {
                  "score": 6,
                  "set": 2,
                  "tie": null,
                  "won": true,
                },
                Object {
                  "score": 6,
                  "set": 3,
                  "tie": 2,
                  "won": false,
                },
                Object {
                  "score": 6,
                  "set": 4,
                  "tie": null,
                  "won": true,
                },
                Object {
                  "score": 3,
                  "set": 5,
                  "tie": null,
                  "won": false,
                },
              ],
            },
          },
          "id": 7,
          "isLive": false,
          "isWatchable": false,
          "matchUrl": "https://eurosport.com",
        },
      ]
    }
    showLessText="View less matches"
    showMoreText="View more matches"
    title="Finished"
  />
</Fragment>
`;
