// Jest Snapshot v1, https://goo.gl/fbAQLP

exports[`Components|JWPlayerETP|Controls Should match snapshot 1`] = `
<Styled(div)>
  <Styled(div) />
  <Styled(div)>
    <PlayerButtons
      isBuffering={false}
      isPlaying={true}
      onForward={[MockFunction]}
      onPause={[MockFunction]}
      onPlay={[MockFunction]}
      onRewind={[MockFunction]}
    />
  </Styled(div)>
  <Styled(div) />
  <WithTheme(BottomBar)
    isFullscreen={true}
    isLive={true}
    isMobile={false}
    mute={false}
    onFullscreenChange={[MockFunction]}
    onMute={[MockFunction]}
    onSeek={[MockFunction]}
    onVolume={[MockFunction]}
    rewindCounts={null}
    seekMax={100}
    seekMin={0}
    seekPosition={50}
    volume={50}
  >
    <Styled(div) />
    <ActionList
      isFullscreen={true}
      onFullscreenChange={[MockFunction]}
    />
  </WithTheme(BottomBar)>
</Styled(div)>
`;
