// Jest Snapshot v1, https://goo.gl/fbAQLP

exports[`ShareIcons renders ShareIcons 1`] = `
<Styled(div)>
  <Styled(div)>
    SHARE
  </Styled(div)>
  <Styled(div)
    numberIcons={3}
    size={50}
  >
    <ShareIcon
      icon="whatsapp"
      onClick={[Function]}
      size={50}
    />
    <ShareIcon
      icon="facebook"
      onClick={[Function]}
      size={50}
    />
    <ShareIcon
      icon="twitter"
      onClick={[Function]}
      size={50}
    />
  </Styled(div)>
</Styled(div)>
`;
