// Jest Snapshot v1, https://goo.gl/fbAQLP

exports[`components/<Player /> Player sticky mode matches snapshot 1`] = `
<Styled(div)
  innerRef={
    Object {
      "current": null,
    }
  }
  minHeight={null}
>
  <ScriptInjector
    async={false}
    injectPlace="head"
    innerHTML=""
    isServer={false}
    onLoad={[Function]}
    src="player-script"
  />
  <Styled(div)
    isSticky={false}
    stickTo="bottom"
  >
    <Styled(div)
      isSticky={false}
      stickTo="bottom"
    >
      <div
        id="eurosport-web-player"
        onClick={[Function]}
      />
      <Styled(div)
        isVisible={false}
      >
        sticky content
        <Styled(Cross)
          onClick={[Function]}
          preserveAspectRatio="xMidYMid"
          viewBox="0 0 16 16"
          xmlns="http://www.w3.org/2000/svg"
        />
      </Styled(div)>
    </Styled(div)>
  </Styled(div)>
</Styled(div)>
`;
