// Jest Snapshot v1, https://goo.gl/fbAQLP

exports[`Carousel test must render the carousel 1`] = `
<Carousel
  absoluteNavigation={false}
  alignCenter={false}
  className=""
  flex={false}
  magneticMax={0.8}
  magneticMin={0.2}
  offsetLeft="0"
  slideMargin={8}
  withArrow={true}
>
  <Styled(div)
    className=""
    data-test="carousel"
    slides={Array []}
  >
    <div
      className="css-7w3mwd e595p110"
      data-test="carousel"
    >
      <Styled(div)
        innerRef={
          Object {
            "current": <div
              class="css-1r51bj7 e595p111"
            >
              <div
                class="css-1vmhwx1 e595p112"
                data-test="carousel-slider"
              >
                <div
                  class="css-gnj429 e595p113"
                  data-test="carousel-item-0"
                >
                  <div>
                    1
                  </div>
                </div>
                <div
                  class="css-gnj429 e595p113"
                  data-test="carousel-item-1"
                >
                  <div>
                    2
                  </div>
                </div>
                <div
                  class="css-gnj429 e595p113"
                  data-test="carousel-item-2"
                >
                  <div>
                    3
                  </div>
                </div>
                <div
                  class="css-gnj429 e595p113"
                  data-test="carousel-item-3"
                >
                  <div>
                    4
                  </div>
                </div>
                <div
                  class="css-gnj429 e595p113"
                  data-test="carousel-item-4"
                >
                  <div>
                    5
                  </div>
                </div>
                <div
                  class="css-gnj429 e595p113"
                  data-test="carousel-item-5"
                >
                  <div>
                    6
                  </div>
                </div>
              </div>
            </div>,
          }
        }
        trackWidth={0}
      >
        <div
          className="css-1r51bj7 e595p111"
        >
          <Styled(div)
            alignCenter={false}
            data-test="carousel-slider"
            disableNavigation={true}
            flex={false}
            innerRef={
              Object {
                "current": <div
                  class="css-1vmhwx1 e595p112"
                  data-test="carousel-slider"
                >
                  <div
                    class="css-gnj429 e595p113"
                    data-test="carousel-item-0"
                  >
                    <div>
                      1
                    </div>
                  </div>
                  <div
                    class="css-gnj429 e595p113"
                    data-test="carousel-item-1"
                  >
                    <div>
                      2
                    </div>
                  </div>
                  <div
                    class="css-gnj429 e595p113"
                    data-test="carousel-item-2"
                  >
                    <div>
                      3
                    </div>
                  </div>
                  <div
                    class="css-gnj429 e595p113"
                    data-test="carousel-item-3"
                  >
                    <div>
                      4
                    </div>
                  </div>
                  <div
                    class="css-gnj429 e595p113"
                    data-test="carousel-item-4"
                  >
                    <div>
                      5
                    </div>
                  </div>
                  <div
                    class="css-gnj429 e595p113"
                    data-test="carousel-item-5"
                  >
                    <div>
                      6
                    </div>
                  </div>
                </div>,
              }
            }
            isDragging={false}
            left={0}
            trackWidth={0}
          >
            <div
              className="css-1vmhwx1 e595p112"
              data-test="carousel-slider"
            >
              <Styled(div)
                data-test="carousel-item-0"
                flex={false}
                key="0"
                margin={8}
                offsetLeft="0"
              >
                <div
                  className="css-gnj429 e595p113"
                  data-test="carousel-item-0"
                >
                  <div>
                    1
                  </div>
                </div>
              </Styled(div)>
              <Styled(div)
                data-test="carousel-item-1"
                flex={false}
                key="1"
                margin={8}
                offsetLeft="0"
              >
                <div
                  className="css-gnj429 e595p113"
                  data-test="carousel-item-1"
                >
                  <div>
                    2
                  </div>
                </div>
              </Styled(div)>
              <Styled(div)
                data-test="carousel-item-2"
                flex={false}
                key="2"
                margin={8}
                offsetLeft="0"
              >
                <div
                  className="css-gnj429 e595p113"
                  data-test="carousel-item-2"
                >
                  <div>
                    3
                  </div>
                </div>
              </Styled(div)>
              <Styled(div)
                data-test="carousel-item-3"
                flex={false}
                key="3"
                margin={8}
                offsetLeft="0"
              >
                <div
                  className="css-gnj429 e595p113"
                  data-test="carousel-item-3"
                >
                  <div>
                    4
                  </div>
                </div>
              </Styled(div)>
              <Styled(div)
                data-test="carousel-item-4"
                flex={false}
                key="4"
                margin={8}
                offsetLeft="0"
              >
                <div
                  className="css-gnj429 e595p113"
                  data-test="carousel-item-4"
                >
                  <div>
                    5
                  </div>
                </div>
              </Styled(div)>
              <Styled(div)
                data-test="carousel-item-5"
                flex={false}
                key="5"
                margin={8}
                offsetLeft="0"
              >
                <div
                  className="css-gnj429 e595p113"
                  data-test="carousel-item-5"
                >
                  <div>
                    6
                  </div>
                </div>
              </Styled(div)>
            </div>
          </Styled(div)>
        </div>
      </Styled(div)>
    </div>
  </Styled(div)>
</Carousel>
`;
