// Jest Snapshot v1, https://goo.gl/fbAQLP

exports[`ViewMore renders its content 1`] = `
.emotion-0 {
  overflow: hidden;
  height: auto;
  -webkit-transition: height 400ms ease;
  transition: height 400ms ease;
}

.emotion-2 {
  color: #f8f8f9;
  font-family: 'ESP AlphaHeadline Tab',-apple-system,-system-ui,system-ui,BlinkMacSystemFont,'Segoe UI',Helvetica,Arial,sans-serif;
  -webkit-font-smoothing: auto;
  -moz-osx-font-smoothing: auto;
  font-smooth: auto;
  border: 1px solid rgba(255,255,255,0.35);
  background: rgba(4,5,15,0.2);
  border-radius: 3px;
  text-transform: uppercase;
  font-size: 11px;
  padding: 6px 14px;
  line-height: 11px;
}

.emotion-2:hover {
  cursor: pointer;
}

<ViewMore
  showLessItemCount={1}
  showLessText="View less"
  showMoreText="View more"
>
  <Styled(ul)
    animate={true}
    blockHeight={0}
    innerRef={
      Object {
        "current": .emotion-0 {
  overflow: hidden;
  height: auto;
  -webkit-transition: height 400ms ease;
  transition: height 400ms ease;
}

<ul
          class="emotion-0 emotion-1"
        >
          <div>
            match
          </div>
          <div>
            match
          </div>
          <div>
            match
          </div>
          <div>
            match
          </div>
          <div>
            match
          </div>
          <div>
            match
          </div>
          <div>
            match
          </div>
          <div>
            match
          </div>
          <div>
            match
          </div>
          <div>
            match
          </div>
        </ul>,
      }
    }
    isExpanded={false}
  >
    <ul
      className="emotion-0 emotion-1"
    >
      <div
        key="0"
      >
        match
      </div>
      <div
        key="1"
      >
        match
      </div>
      <div
        key="2"
      >
        match
      </div>
      <div
        key="3"
      >
        match
      </div>
      <div
        key="4"
      >
        match
      </div>
      <div
        key="5"
      >
        match
      </div>
      <div
        key="6"
      >
        match
      </div>
      <div
        key="7"
      >
        match
      </div>
      <div
        key="8"
      >
        match
      </div>
      <div
        key="9"
      >
        match
      </div>
    </ul>
  </Styled(ul)>
  <Styled(div)>
    <div
      className="emotion-4 emotion-5"
    >
      <Styled(span)
        onClick={[Function]}
      >
        <span
          className="emotion-2 emotion-3"
          onClick={[Function]}
        >
          View more
        </span>
      </Styled(span)>
    </div>
  </Styled(div)>
</ViewMore>
`;
